// Vitest Snapshot v1, https://vitest.dev/guide/snapshot.html

exports[`handbook fixture (font path) > snapshots section titles 1`] = `
[
  "Mirasol Wine LLC",
  "Hearst Ranch Winery Employee Handbook",
  "December 18, 2025",
  "Core Policies",
  "1.0 Welcome",
  "1.1 A Welcome Policy",
  "1.2 At-Will Employment",
  "2.0 Introductory Language and Policies",
  "2.1 About the Company A Brief History of Our Company",
  "2.2 Ethics Code",
  "2.3 Mission Statement",
  "2.4 Revisions to Handbook",
  "3.0 Hiring and Orientation Policies",
  "3.1 Accommodations for Pregnancy, Childbirth, and Related Medical Conditions",
  "3.2 Conflicts of Interest",
  "3.3 Disability Accommodation",
  "3.4 Employment Authorization Verification",
  "3.5 Employment of Relatives and Friends",
  "3.6 Job Descriptions",
  "3.7 New Hires and Introductory Periods",
  "3.8 Religious Accommodation",
  "3.9 Training Program",
  "4.0 Wage and Hour Policies",
  "4.1 Attendance",
  "4.2 Business Expenses",
  "4.3 Direct Deposit",
  "4.4 Employment Classifications",
  "4.5 Introduction to Wage and Hour Policies",
  "4.6 Paycheck Deductions",
  "4.7 Recording Time",
  "4.8 Travel Expenses",
  "4.9 Use of Employer Credit Cards",
  "5.0 Performance, Discipline, Layoff, and Termination",
  "5.1 Criminal Activity/Arrests",
  "5.2 Disciplinary Process",
  "5.3 Employment Verification",
  "5.4 Exit Interview",
  "5.5 Open Door/Conflict Resolution Process",
  "5.6 Outside Employment",
  "5.7 Pay Raises",
  "5.8 Performance Reviews",
  "5.9 Promotions",
  "5.10 Resignation Policy",
  "5.11 Standards of Conduct",
  "5.12 Transfers",
  "5.13 Workforce Reductions (Layoffs)",
  "6.0 General Policies",
  "6.1 Computer Security and Copying of Software",
  "6.2 Driving Record",
  "6.3 Employer Sponsored Social Events",
  "6.4 Employer-Provided Cell Phones/Mobile Devices",
  "6.5 Nonsolicitation/Nondistribution Policy",
  "6.6 Off-Duty Use of Employer Property or Premises",
  "6.7 Personal Appearance",
  "6.8 Personal Cell Phone/Mobile Device Use",
  "6.9 Personal Data Changes",
  "6.10 Security",
  "6.11 Social Media",
  "6.12 Telephone Use",
  "6.13 Third Party Disclosures",
  "6.14 Use of Company Technology",
  "6.15 Use of Employer Vehicles",
  "6.16 Workplace Privacy and Right to Inspect",
  "7.0 Benefits",
  "7.1 401(k) Plan",
  "7.2 Bereavement Leave",
  "7.3 COBRA",
  "7.4 Continuing Education and Tuition Assistance",
  "7.5 Dental Insurance",
  "7.6 Health Insurance",
  "7.7 Holidays",
  "7.8 Jury Duty Leave",
  "7.9 Life Insurance",
  "7.10 Military Leave (USERRA)",
  "7.11 Personal Leave of Absence",
  "7.12 Severance Pay",
  "7.13 Sick Pay",
  "7.14 Vacation",
  "7.15 Vision Care Insurance",
  "7.16 Workers' Compensation Insurance",
  "8.0 Safety and Loss Prevention",
  "8.1 Business Closure and Emergencies",
  "8.2 Drug and Alcohol Policy",
  "8.3 General Safety",
  "8.4 Workplace Tobacco Usage",
  "8.5 Workplace Violence",
  "9.0 Trade Secrets and Inventions",
  "9.1 Confidentiality and Nondisclosure of Trade Secrets",
  "10.0 Customer Relations",
  "10.1 Customer, Client, and Visitor Relations",
  "California Policies",
  "Hiring and Orientation Policies",
  "Communications Regarding Religious or Political Matters",
  "Drug and Alcohol Rehabilitation Accommodation",
  "EEO Statement and Nonharassment Policy",
  "Wage and Hour Policies",
  "Accommodations for Nursing Mothers",
  "Meal and Rest Periods",
  "One Day Rest in Seven",
  "Overtime",
  "Pay Period",
  "Reporting Time Pay",
  "Travel Time Pay",
  "Wage Disclosure Protection",
  "Workday/Workweek",
  "General Policies",
  "Access to Personnel and Medical Records Files",
  "Whistleblower Protections",
  "Benefits",
  "Bereavement Leave",
  "Bone Marrow and Organ Donation Leave",
  "California Family Rights Act (CFRA) Leave",
  "Civil Air Patrol Leave",
  "Disability Insurance",
  "Leave and Accommodations for Victims of Violence",
  "Military Spouse Leave",
  "Paid Family Leave Insurance",
  "Paid Sick and Safe Leave (Accrual Method)",
  "Pregnancy Disability Leave",
  "Reproductive Loss Leave",
  "School Disciplinary Leave",
  "School and Childcare Activities Leave",
  "Voting Leave",
  "Witness Leave",
  "Safety and Loss Prevention",
  "Indoor Heat Illness Prevention",
  "Outdoor Heat Illness Prevention",
  "Closing Statement",
  "Acknowledgment of Receipt and Review",
  "APPENDIX",
]
`;
