// Vitest Snapshot v1, https://vitest.dev/guide/snapshot.html

exports[`tasting-room fixture (outline path) > snapshots outline section titles 1`] = `
[
  "Hearst Ranch Winery History",
  "Hearst Ranch History",
  "Hearst Ranch Winery Organizational Flow Chart",
  "The People of Hearst Ranch Winery",
  "Our Principles",
  "Basics of Viticulture",
  "Basics of Winemaking",
  "Varietal Information",
  "Wine Maps",
  "European Wine Labeling",
  "Paso Robles AVA",
  "Our Wines",
  "Our Wine Club",
  "Our VRBO’s",
  "Sensory Analysis of Wine",
  "Wine Sales Training",
  "Cheese/Charcuterie Information",
  "Wine & Food Pairing",
  "Our Service Style",
  "Opening & Closing Checklist",
  "Glossary of Terms",
  "Company Directory",
  "Passwords & Codes",
  "Checking Voicemails",
  "Tip Policy",
  "Time Off Requests",
  "Black Out Dates: 2023 💀",
  "Emergency Plan",
  "San Simeon Floor Plans",
  "Report of Work Injury/Illness",
  "Mileage Reimbursement Form",
  "Power/Internet Outage Order Form",
  "Employee Complain/Concern Form",
  "Responsible Alcohol Service",
  "Tock/Host Training",
]
`;
